// Jest Snapshot v1, https://goo.gl/fbAQLP

exports[`PathwayCard matches snapshot 1`] = `
<View
  accessibilityLabel="Navigate to Starting University"
  accessibilityState={
    {
      "busy": undefined,
      "checked": undefined,
      "disabled": undefined,
      "expanded": undefined,
      "selected": undefined,
    }
  }
  accessibilityValue={
    {
      "max": undefined,
      "min": undefined,
      "now": undefined,
      "text": undefined,
    }
  }
  accessible={true}
  collapsable={false}
  focusable={true}
  onBlur={[Function]}
  onClick={[Function]}
  onFocus={[Function]}
  onResponderGrant={[Function]}
  onResponderMove={[Function]}
  onResponderRelease={[Function]}
  onResponderTerminate={[Function]}
  onResponderTerminationRequest={[Function]}
  onStartShouldSetResponder={[Function]}
  role="button"
  style={
    [
      {
        "borderRadius": 12,
        "height": 320,
        "width": 300,
      },
      {
        "backgroundColor": "rgb(255, 255, 255)",
      },
    ]
  }
>
  <View>
    <View
      accessibilityIgnoresInvertColors={true}
      style={
        {
          "borderTopLeftRadius": 12,
          "borderTopRightRadius": 12,
          "height": 170,
          "justifyContent": "flex-end",
          "overflow": "hidden",
          "width": "100%",
        }
      }
    >
      <Image
        source={
          {
            "uri": "https://prodcontent.blackbullion.com/images/pathways/24/thumb",
          }
        }
        style={
          [
            {
              "bottom": 0,
              "left": 0,
              "position": "absolute",
              "right": 0,
              "top": 0,
            },
            {
              "height": 170,
              "width": "100%",
            },
            undefined,
          ]
        }
      />
      <View
        style={
          {
            "alignSelf": "flex-start",
            "backgroundColor": "white",
            "borderRadius": 8,
            "justifyContent": "center",
            "margin": 4,
            "opacity": 0.7,
            "paddingHorizontal": 10,
            "paddingVertical": 2,
          }
        }
      >
        <Text
          style={
            [
              {
                "color": undefined,
              },
              undefined,
              undefined,
              undefined,
              {
                "color": "black",
                "fontSize": 14,
              },
              undefined,
            ]
          }
        >
          Pathway - 11 min
        </Text>
      </View>
    </View>
  </View>
  <View
    style={
      {
        "margin": 8,
      }
    }
  >
    <Text
      style={
        [
          {
            "color": undefined,
          },
          undefined,
          {
            "color": "#663C97",
            "fontSize": 20,
            "fontWeight": "bold",
            "lineHeight": 32,
          },
          undefined,
          undefined,
          undefined,
        ]
      }
    >
      Starting University
    </Text>
    <Text
      numberOfLines={3}
      style={
        [
          {
            "color": undefined,
          },
          {
            "fontSize": 16,
            "lineHeight": 24,
          },
          undefined,
          undefined,
          undefined,
          undefined,
        ]
      }
    >
      Learn what funding is available when you start uni and how you can get the best out of it.
    </Text>
  </View>
</View>
`;
