// Jest Snapshot v1, https://goo.gl/fbAQLP

exports[`LibraryScreen matches snapshot 1`] = `
<RNCSafeAreaView
  edges={
    {
      "bottom": "additive",
      "left": "additive",
      "right": "additive",
      "top": "additive",
    }
  }
  style={
    {
      "backgroundColor": "rgb(242, 242, 242)",
    }
  }
>
  <View
    style={
      {
        "marginHorizontal": 15,
        "marginVertical": 5,
      }
    }
  >
    <View
      accessibilityState={
        {
          "busy": undefined,
          "checked": undefined,
          "disabled": undefined,
          "expanded": undefined,
          "selected": undefined,
        }
      }
      accessibilityValue={
        {
          "max": undefined,
          "min": undefined,
          "now": undefined,
          "text": undefined,
        }
      }
      accessible={true}
      collapsable={false}
      focusable={true}
      onBlur={[Function]}
      onClick={[Function]}
      onFocus={[Function]}
      onResponderGrant={[Function]}
      onResponderMove={[Function]}
      onResponderRelease={[Function]}
      onResponderTerminate={[Function]}
      onResponderTerminationRequest={[Function]}
      onStartShouldSetResponder={[Function]}
      style={
        [
          {
            "alignSelf": "flex-start",
            "borderRadius": 12,
            "color": "white",
            "opacity": 0.7,
            "paddingHorizontal": 10,
            "paddingVertical": 5,
          },
          {
            "backgroundColor": "grey",
          },
        ]
      }
    >
      <Text>
        Assessment
      </Text>
    </View>
  </View>
  <Text
    style={
      {
        "color": "white",
      }
    }
  >
    No pathways available
  </Text>
</RNCSafeAreaView>
`;
